data/breakfast-at-the-frat/subsets/incomplete/1111038080-6379-incomplete.csv
"WEEK_END_DATE","STORE_NUM","UPC","UNITS","VISITS","HHS","SPEND","PRICE","BASE_PRICE","FEATURE","DISPLAY","TPR_ONLY","WEEK_END_DATE_2","YEAR","MONTH","DAY_OF_MONTH","ABS_DISCOUNT","REL_DISCOUNT"
"14-01-2009",6379,1111038080,13,7,7,19.11,1.47,2.46,0,0,1,2009-01-14,2009,1,14,-0.99,-0.402439024390244
"21-01-2009",6379,1111038080,11,10,10,10.67,0.97,2.46,0,1,0,2009-01-21,2009,1,21,-1.49,-0.605691056910569
"28-01-2009",6379,1111038080,15,11,11,14.7,0.98,2.46,0,1,0,2009-01-28,2009,1,28,-1.48,-0.601626016260163
"04-02-2009",6379,1111038080,5,4,4,5,1,2.46,0,0,1,2009-02-04,2009,2,4,-1.46,-0.59349593495935
"11-02-2009",6379,1111038080,8,5,5,7.92,0.99,2.46,0,0,1,2009-02-11,2009,2,11,-1.47,-0.597560975609756
"18-02-2009",6379,1111038080,8,8,8,20.72,2.59,2.59,0,0,0,2009-02-18,2009,2,18,0,0
"25-02-2009",6379,1111038080,1,1,1,2.69,2.69,2.69,0,0,0,2009-02-25,2009,2,25,0,0
"11-03-2009",6379,1111038080,6,6,6,15.9,2.65,2.65,0,0,0,2009-03-11,2009,3,11,0,0
"18-03-2009",6379,1111038080,3,3,3,7.8,2.6,2.6,0,0,0,2009-03-18,2009,3,18,0,0
"25-03-2009",6379,1111038080,2,2,2,5.38,2.69,2.69,0,0,0,2009-03-25,2009,3,25,0,0
"01-04-2009",6379,1111038080,2,2,2,5.12,2.56,2.56,0,0,0,2009-04-01,2009,4,1,0,0
"08-04-2009",6379,1111038080,7,7,7,18.83,2.69,2.69,0,0,0,2009-04-08,2009,4,8,0,0
"15-04-2009",6379,1111038080,1,1,1,2.69,2.69,2.69,0,0,0,2009-04-15,2009,4,15,0,0
"22-04-2009",6379,1111038080,29,22,21,27.26,0.94,2.69,1,0,0,2009-04-22,2009,4,22,-1.75,-0.650557620817844
"29-04-2009",6379,1111038080,11,10,10,12.32,1.12,2.69,0,1,0,2009-04-29,2009,4,29,-1.57,-0.58364312267658
"06-05-2009",6379,1111038080,15,13,13,14.4,0.96,2.69,0,1,0,2009-05-06,2009,5,6,-1.73,-0.643122676579926
"13-05-2009",6379,1111038080,11,10,10,12.54,1.14,2.69,0,0,1,2009-05-13,2009,5,13,-1.55,-0.576208178438662
"20-05-2009",6379,1111038080,1,1,1,2.69,2.69,2.69,0,0,0,2009-05-20,2009,5,20,0,0
"27-05-2009",6379,1111038080,4,4,4,10.24,2.56,2.56,0,0,0,2009-05-27,2009,5,27,0,0
"03-06-2009",6379,1111038080,1,1,1,2.69,2.69,2.69,0,0,0,2009-06-03,2009,6,3,0,0
"17-06-2009",6379,1111038080,7,5,5,11.83,1.69,2.69,0,0,1,2009-06-17,2009,6,17,-1,-0.371747211895911
"24-06-2009",6379,1111038080,16,11,11,15.36,0.96,2.69,1,0,0,2009-06-24,2009,6,24,-1.73,-0.643122676579926
"01-07-2009",6379,1111038080,4,3,3,3.8,0.95,2.69,0,0,1,2009-07-01,2009,7,1,-1.74,-0.646840148698885
"08-07-2009",6379,1111038080,6,6,4,6,1,2.69,0,0,1,2009-07-08,2009,7,8,-1.69,-0.628252788104089
"15-07-2009",6379,1111038080,7,3,3,6.79,0.97,2.69,0,0,1,2009-07-15,2009,7,15,-1.72,-0.639405204460966
"22-07-2009",6379,1111038080,2,1,1,3.16,1.58,2.69,0,0,1,2009-07-22,2009,7,22,-1.11,-0.412639405204461
"29-07-2009",6379,1111038080,1,1,1,1.42,1.42,2.69,0,0,1,2009-07-29,2009,7,29,-1.27,-0.472118959107807
"05-08-2009",6379,1111038080,7,7,7,10.57,1.51,1.51,0,0,0,2009-08-05,2009,8,5,0,0
"12-08-2009",6379,1111038080,2,2,2,3.16,1.58,1.58,0,0,0,2009-08-12,2009,8,12,0,0
"19-08-2009",6379,1111038080,4,4,4,6.32,1.58,1.58,1,0,0,2009-08-19,2009,8,19,0,0
"26-08-2009",6379,1111038080,7,7,7,11.06,1.58,1.58,1,0,0,2009-08-26,2009,8,26,0,0
"02-09-2009",6379,1111038080,9,8,8,13.86,1.54,1.58,1,0,0,2009-09-02,2009,9,2,-0.04,-0.0253164556962026
"09-09-2009",6379,1111038080,7,6,6,10.57,1.51,1.51,0,0,0,2009-09-09,2009,9,9,0,0
"16-09-2009",6379,1111038080,9,9,9,14.04,1.56,1.56,0,0,0,2009-09-16,2009,9,16,0,0
"23-09-2009",6379,1111038080,2,2,2,3,1.5,1.5,0,0,0,2009-09-23,2009,9,23,0,0
"30-09-2009",6379,1111038080,6,6,6,9.3,1.55,1.55,0,0,0,2009-09-30,2009,9,30,0,0
"07-10-2009",6379,1111038080,10,10,10,15.3,1.53,1.53,0,0,0,2009-10-07,2009,10,7,0,0
"14-10-2009",6379,1111038080,15,12,12,18.75,1.25,1.53,0,0,1,2009-10-14,2009,10,14,-0.28,-0.183006535947712
"21-10-2009",6379,1111038080,22,17,17,21.56,0.98,1.53,1,1,0,2009-10-21,2009,10,21,-0.55,-0.359477124183007
"28-10-2009",6379,1111038080,36,23,23,35.28,0.98,1.53,1,1,0,2009-10-28,2009,10,28,-0.55,-0.359477124183007
"04-11-2009",6379,1111038080,7,5,5,10.71,1.53,1.53,0,0,0,2009-11-04,2009,11,4,0,0
"11-11-2009",6379,1111038080,3,3,3,4.59,1.53,1.53,0,0,0,2009-11-11,2009,11,11,0,0
"18-11-2009",6379,1111038080,5,4,4,7.9,1.58,1.58,0,0,0,2009-11-18,2009,11,18,0,0
"25-11-2009",6379,1111038080,5,5,5,7.9,1.58,1.58,0,0,0,2009-11-25,2009,11,25,0,0
"02-12-2009",6379,1111038080,2,2,2,2.48,1.24,1.58,0,0,1,2009-12-02,2009,12,2,-0.34,-0.215189873417722
"09-12-2009",6379,1111038080,4,3,3,3.92,0.98,1.58,0,0,1,2009-12-09,2009,12,9,-0.6,-0.379746835443038
"16-12-2009",6379,1111038080,5,5,5,4.7,0.94,1.58,0,0,1,2009-12-16,2009,12,16,-0.64,-0.405063291139241
"23-12-2009",6379,1111038080,6,6,6,5.88,0.98,1.58,0,0,1,2009-12-23,2009,12,23,-0.6,-0.379746835443038
"30-12-2009",6379,1111038080,2,2,2,2,1,1.58,0,0,1,2009-12-30,2009,12,30,-0.58,-0.367088607594937
"06-01-2010",6379,1111038080,1,1,1,1,1,1.58,0,0,1,2010-01-06,2010,1,6,-0.58,-0.367088607594937
"13-01-2010",6379,1111038080,1,1,1,1.58,1.58,1.58,0,0,0,2010-01-13,2010,1,13,0,0
"20-01-2010",6379,1111038080,6,6,6,9.18,1.53,1.53,0,0,0,2010-01-20,2010,1,20,0,0
"27-01-2010",6379,1111038080,4,4,4,6,1.5,1.5,0,0,0,2010-01-27,2010,1,27,0,0
"03-02-2010",6379,1111038080,4,4,4,6.16,1.54,1.54,0,0,0,2010-02-03,2010,2,3,0,0
"10-02-2010",6379,1111038080,4,4,4,5.84,1.46,1.46,0,0,0,2010-02-10,2010,2,10,0,0
"17-02-2010",6379,1111038080,5,4,4,7.75,1.55,1.55,0,0,0,2010-02-17,2010,2,17,0,0
"24-02-2010",6379,1111038080,6,6,6,9.3,1.55,1.55,0,0,0,2010-02-24,2010,2,24,0,0
"03-03-2010",6379,1111038080,5,4,4,7.75,1.55,1.55,0,0,0,2010-03-03,2010,3,3,0,0
"10-03-2010",6379,1111038080,6,5,5,9.3,1.55,1.55,0,0,0,2010-03-10,2010,3,10,0,0
"17-03-2010",6379,1111038080,1,1,1,1.54,1.54,1.54,0,0,0,2010-03-17,2010,3,17,0,0
"24-03-2010",6379,1111038080,2,2,2,3.16,1.58,1.58,0,0,0,2010-03-24,2010,3,24,0,0
"31-03-2010",6379,1111038080,5,5,5,7.9,1.58,1.58,0,0,0,2010-03-31,2010,3,31,0,0
"07-04-2010",6379,1111038080,6,6,6,9.3,1.55,1.55,0,0,0,2010-04-07,2010,4,7,0,0
"14-04-2010",6379,1111038080,4,4,4,6.16,1.54,1.54,0,0,0,2010-04-14,2010,4,14,0,0
"21-04-2010",6379,1111038080,3,3,3,4.59,1.53,1.53,0,0,0,2010-04-21,2010,4,21,0,0
"28-04-2010",6379,1111038080,31,13,13,29.45,0.95,1.53,1,1,0,2010-04-28,2010,4,28,-0.58,-0.379084967320261
"05-05-2010",6379,1111038080,17,14,14,16.32,0.96,1.53,1,0,0,2010-05-05,2010,5,5,-0.57,-0.372549019607843
"12-05-2010",6379,1111038080,11,10,10,10.67,0.97,1.53,0,0,1,2010-05-12,2010,5,12,-0.56,-0.366013071895425
"19-05-2010",6379,1111038080,8,7,7,7.92,0.99,1.53,0,0,1,2010-05-19,2010,5,19,-0.54,-0.352941176470588
"26-05-2010",6379,1111038080,3,3,3,4.59,1.53,1.53,0,0,0,2010-05-26,2010,5,26,0,0
"02-06-2010",6379,1111038080,8,8,8,12.16,1.52,1.52,0,0,0,2010-06-02,2010,6,2,0,0
"09-06-2010",6379,1111038080,8,6,6,12,1.5,1.5,0,0,0,2010-06-09,2010,6,9,0,0
"16-06-2010",6379,1111038080,5,5,5,7.6,1.52,1.52,0,0,0,2010-06-16,2010,6,16,0,0
"23-06-2010",6379,1111038080,3,3,3,4.74,1.58,1.58,0,0,0,2010-06-23,2010,6,23,0,0
"30-06-2010",6379,1111038080,11,7,7,10.78,0.98,1.58,0,0,1,2010-06-30,2010,6,30,-0.6,-0.379746835443038
"07-07-2010",6379,1111038080,10,9,9,10.6,1.06,1.58,0,0,1,2010-07-07,2010,7,7,-0.52,-0.329113924050633
"14-07-2010",6379,1111038080,7,7,7,6.79,0.97,1.58,0,0,1,2010-07-14,2010,7,14,-0.61,-0.386075949367089
"21-07-2010",6379,1111038080,6,5,5,5.7,0.95,1.58,0,0,1,2010-07-21,2010,7,21,-0.63,-0.39873417721519
"28-07-2010",6379,1111038080,6,6,6,9.3,1.55,1.55,0,0,0,2010-07-28,2010,7,28,0,0
"04-08-2010",6379,1111038080,5,5,5,7.9,1.58,1.58,0,0,0,2010-08-04,2010,8,4,0,0
"11-08-2010",6379,1111038080,6,6,6,9.18,1.53,1.53,0,0,0,2010-08-11,2010,8,11,0,0
"18-08-2010",6379,1111038080,2,2,2,3.16,1.58,1.58,0,0,0,2010-08-18,2010,8,18,0,0
"25-08-2010",6379,1111038080,13,9,9,12.35,0.95,1.58,1,0,0,2010-08-25,2010,8,25,-0.63,-0.39873417721519
"01-09-2010",6379,1111038080,9,9,9,8.73,0.97,1.58,0,1,0,2010-09-01,2010,9,1,-0.61,-0.386075949367089
"08-09-2010",6379,1111038080,4,4,4,3.92,0.98,1.58,0,1,0,2010-09-08,2010,9,8,-0.6,-0.379746835443038
"15-09-2010",6379,1111038080,7,7,7,6.72,0.96,1.58,0,1,0,2010-09-15,2010,9,15,-0.62,-0.392405063291139
"22-09-2010",6379,1111038080,3,2,2,3,1,1.58,0,0,1,2010-09-22,2010,9,22,-0.58,-0.367088607594937
"29-09-2010",6379,1111038080,1,1,1,0.9,0.9,1.58,0,0,1,2010-09-29,2010,9,29,-0.68,-0.430379746835443
"06-10-2010",6379,1111038080,6,6,6,9.3,1.55,1.55,0,0,0,2010-10-06,2010,10,6,0,0
"20-10-2010",6379,1111038080,1,1,1,1.58,1.58,1.58,0,0,0,2010-10-20,2010,10,20,0,0
"27-10-2010",6379,1111038080,5,5,5,7.4,1.48,1.48,0,0,0,2010-10-27,2010,10,27,0,0
"03-11-2010",6379,1111038080,1,1,1,1.42,1.42,1.42,0,0,0,2010-11-03,2010,11,3,0,0
"10-11-2010",6379,1111038080,1,1,1,1.42,1.42,1.42,0,0,0,2010-11-10,2010,11,10,0,0
"08-12-2010",6379,1111038080,5,2,2,5,1,1.42,0,0,1,2010-12-08,2010,12,8,-0.42,-0.295774647887324
"15-12-2010",6379,1111038080,5,2,2,4.9,0.98,1.42,0,0,1,2010-12-15,2010,12,15,-0.44,-0.309859154929577
"22-12-2010",6379,1111038080,2,2,2,2,1,1.42,0,0,1,2010-12-22,2010,12,22,-0.42,-0.295774647887324
"29-12-2010",6379,1111038080,1,1,1,0.98,0.98,1.42,0,0,1,2010-12-29,2010,12,29,-0.44,-0.309859154929577
"05-01-2011",6379,1111038080,1,1,1,0.9,0.9,1.42,0,0,1,2011-01-05,2011,1,5,-0.52,-0.366197183098592
"12-01-2011",6379,1111038080,4,3,3,4.6,1.15,1.42,0,0,1,2011-01-12,2011,1,12,-0.27,-0.190140845070423
"19-01-2011",6379,1111038080,2,2,2,3.16,1.58,1.58,0,0,0,2011-01-19,2011,1,19,0,0
"09-02-2011",6379,1111038080,1,1,1,1.58,1.58,1.58,0,0,0,2011-02-09,2011,2,9,0,0
"02-03-2011",6379,1111038080,1,1,1,1.58,1.58,1.58,0,0,0,2011-03-02,2011,3,2,0,0
"09-03-2011",6379,1111038080,1,1,1,1.58,1.58,1.58,0,0,0,2011-03-09,2011,3,9,0,0
"16-03-2011",6379,1111038080,1,1,1,1.58,1.58,1.58,0,0,0,2011-03-16,2011,3,16,0,0
"23-03-2011",6379,1111038080,2,2,2,2.84,1.42,1.58,0,0,1,2011-03-23,2011,3,23,-0.16,-0.10126582278481
"30-03-2011",6379,1111038080,2,2,2,3.16,1.58,1.58,0,0,0,2011-03-30,2011,3,30,0,0
"06-04-2011",6379,1111038080,2,2,2,3,1.5,1.5,0,0,0,2011-04-06,2011,4,6,0,0
"13-04-2011",6379,1111038080,1,1,1,1.58,1.58,1.58,0,0,0,2011-04-13,2011,4,13,0,0
"20-04-2011",6379,1111038080,2,2,2,3,1.5,1.5,0,0,0,2011-04-20,2011,4,20,0,0
"27-04-2011",6379,1111038080,4,4,4,6,1.5,1.5,0,0,0,2011-04-27,2011,4,27,0,0
"04-05-2011",6379,1111038080,4,3,3,3.8,0.95,1.5,1,0,0,2011-05-04,2011,5,4,-0.55,-0.366666666666667
"11-05-2011",6379,1111038080,16,6,6,15.84,0.99,1.5,0,0,1,2011-05-11,2011,5,11,-0.51,-0.34
"18-05-2011",6379,1111038080,3,2,2,2.82,0.94,1.5,0,0,1,2011-05-18,2011,5,18,-0.56,-0.373333333333333
"25-05-2011",6379,1111038080,3,2,2,2.79,0.93,1.5,0,0,1,2011-05-25,2011,5,25,-0.57,-0.38
"01-06-2011",6379,1111038080,2,2,2,3.16,1.58,1.58,0,0,0,2011-06-01,2011,6,1,0,0
"08-06-2011",6379,1111038080,1,1,1,1.42,1.42,1.58,0,0,1,2011-06-08,2011,6,8,-0.16,-0.10126582278481
"15-06-2011",6379,1111038080,1,1,1,1.42,1.42,1.58,0,0,1,2011-06-15,2011,6,15,-0.16,-0.10126582278481
"22-06-2011",6379,1111038080,1,1,1,1.42,1.42,1.58,0,0,1,2011-06-22,2011,6,22,-0.16,-0.10126582278481
"29-06-2011",6379,1111038080,3,3,3,4.59,1.53,1.53,0,0,0,2011-06-29,2011,6,29,0,0
"06-07-2011",6379,1111038080,5,5,5,7.75,1.55,1.55,0,0,0,2011-07-06,2011,7,6,0,0
"13-07-2011",6379,1111038080,1,1,1,1.42,1.42,1.42,0,0,0,2011-07-13,2011,7,13,0,0
"20-07-2011",6379,1111038080,1,1,1,1.58,1.58,1.58,0,0,0,2011-07-20,2011,7,20,0,0
"27-07-2011",6379,1111038080,2,2,2,3.16,1.58,1.58,0,0,0,2011-07-27,2011,7,27,0,0
"03-08-2011",6379,1111038080,41,29,29,40.18,0.98,1.58,1,1,0,2011-08-03,2011,8,3,-0.6,-0.379746835443038
"10-08-2011",6379,1111038080,8,7,7,7.92,0.99,1.58,0,1,0,2011-08-10,2011,8,10,-0.59,-0.373417721518987
"17-08-2011",6379,1111038080,5,5,5,5,1,1.58,0,0,1,2011-08-17,2011,8,17,-0.58,-0.367088607594937
"24-08-2011",6379,1111038080,2,2,2,2,1,1.58,0,0,1,2011-08-24,2011,8,24,-0.58,-0.367088607594937
"31-08-2011",6379,1111038080,3,3,3,2.91,0.97,1.58,0,0,1,2011-08-31,2011,8,31,-0.61,-0.386075949367089
"07-09-2011",6379,1111038080,6,6,6,5.7,0.95,1.58,0,0,1,2011-09-07,2011,9,7,-0.63,-0.39873417721519
"14-09-2011",6379,1111038080,7,7,7,7,1,1.58,0,0,1,2011-09-14,2011,9,14,-0.58,-0.367088607594937
"21-09-2011",6379,1111038080,4,3,3,6.32,1.58,1.58,0,0,0,2011-09-21,2011,9,21,0,0
"28-09-2011",6379,1111038080,2,2,2,3,1.5,1.5,0,0,0,2011-09-28,2011,9,28,0,0
"05-10-2011",6379,1111038080,1,1,1,1.58,1.58,1.58,0,0,0,2011-10-05,2011,10,5,0,0
"12-10-2011",6379,1111038080,3,3,3,4.59,1.53,1.53,0,0,0,2011-10-12,2011,10,12,0,0
"19-10-2011",6379,1111038080,3,3,3,4.74,1.58,1.58,0,0,0,2011-10-19,2011,10,19,0,0
"26-10-2011",6379,1111038080,9,6,6,12.15,1.35,1.58,0,0,1,2011-10-26,2011,10,26,-0.23,-0.145569620253165
"02-11-2011",6379,1111038080,11,6,6,10.89,0.99,1.58,0,0,1,2011-11-02,2011,11,2,-0.59,-0.373417721518987
"09-11-2011",6379,1111038080,5,1,1,4.95,0.99,1.58,0,0,1,2011-11-09,2011,11,9,-0.59,-0.373417721518987
"16-11-2011",6379,1111038080,2,1,1,1.86,0.93,1.58,0,0,1,2011-11-16,2011,11,16,-0.65,-0.411392405063291
"23-11-2011",6379,1111038080,5,5,5,5.2,1.04,1.58,0,0,1,2011-11-23,2011,11,23,-0.54,-0.341772151898734
"30-11-2011",6379,1111038080,3,3,3,2.79,0.93,1.58,0,0,1,2011-11-30,2011,11,30,-0.65,-0.411392405063291
"07-12-2011",6379,1111038080,1,1,1,0.9,0.9,0.9,0,0,0,2011-12-07,2011,12,7,0,0
"14-12-2011",6379,1111038080,4,4,4,6.16,1.54,1.54,0,0,0,2011-12-14,2011,12,14,0,0
"21-12-2011",6379,1111038080,4,4,4,6.32,1.58,1.58,0,0,0,2011-12-21,2011,12,21,0,0
"28-12-2011",6379,1111038080,2,2,2,2.84,1.42,1.58,0,0,1,2011-12-28,2011,12,28,-0.16,-0.10126582278481
